// Jest Snapshot v1, https://goo.gl/fbAQLP

exports[`App component matches the snapshot 1`] = `
<main
  className="App"
>
  <nav
    className="nav"
  >
    <h1>
      Math Magicians
    </h1>
    <div
      className="links"
    >
      <a
        exact={true}
        href="/"
        onClick={[Function]}
      >
        Home 
      </a>
      <a
        className="middle_link"
        href="/quate"
        onClick={[Function]}
      >
        Quate 
      </a>
      <a
        href="/calculator"
        onClick={[Function]}
      >
        Calculator 
      </a>
    </div>
  </nav>
  <h1>
     Welcome to our page! 
  </h1>
  <p>
     Lorem Ipsum is simply dummy text of the printing and typesetting industry. Lorem Ipsum has been the industrys standard dummy text ever since the 1500s, when an unknown printer took a galley of type and scrambled it to make a type specimen book. It has survived not only five centuries 
  </p>
  <p>
     Contrary to popular belief, Lorem Ipsum is not simply random text. It has roots in a piece of classical Latin literature from 45 BC, making it over 2000 years old. Richard McClintock, a Latin professor at Hampden-Sydney College in Virginia, looked up one of the more obscure Latin words, consectetur, from a Lorem Ipsum passage
  </p>
</main>
`;
